MPLINK 5.09, LINKER
Linker Map File - Created Thu Aug 05 22:10:10 2021

                                 Section Info
                  Section       Type    Address   Location Size(Bytes)
                ---------  ---------  ---------  ---------  ---------
                   .org_0       code   0x000000    program   0x0000e6
                   .cinit    romdata   0x0000e6    program   0x000002
.config_300000_BUILD/DEFAULT/DEBUG/IO_USART.O    romdata   0x300000    program   0x000001
.config_300001_BUILD/DEFAULT/DEBUG/IO_USART.O    romdata   0x300001    program   0x000001
.config_300002_BUILD/DEFAULT/DEBUG/IO_USART.O    romdata   0x300002    program   0x000001
.config_300003_BUILD/DEFAULT/DEBUG/IO_USART.O    romdata   0x300003    program   0x000001
.config_300005_BUILD/DEFAULT/DEBUG/IO_USART.O    romdata   0x300005    program   0x000001
.config_300006_BUILD/DEFAULT/DEBUG/IO_USART.O    romdata   0x300006    program   0x000001
.config_300008_BUILD/DEFAULT/DEBUG/IO_USART.O    romdata   0x300008    program   0x000001
.config_300009_BUILD/DEFAULT/DEBUG/IO_USART.O    romdata   0x300009    program   0x000001
.config_30000A_BUILD/DEFAULT/DEBUG/IO_USART.O    romdata   0x30000a    program   0x000001
.config_30000B_BUILD/DEFAULT/DEBUG/IO_USART.O    romdata   0x30000b    program   0x000001
.config_30000C_BUILD/DEFAULT/DEBUG/IO_USART.O    romdata   0x30000c    program   0x000001
.config_30000D_BUILD/DEFAULT/DEBUG/IO_USART.O    romdata   0x30000d    program   0x000001



                              Program Memory Usage 
                               Start         End      
                           ---------   ---------      
                            0x000000    0x0000e7      
                            0x300000    0x300003      
                            0x300005    0x300006      
                            0x300008    0x30000d      
            244 out of 33048 program addresses used, program memory utilization is 0%



                              Symbols - Sorted by Name
                     Name    Address   Location    Storage File                     
                ---------  ---------  ---------  --------- ---------                
                    BUCLE   0x0000a8    program     static F:\Electronics\ASM\PIC16877A\USART.X\Retardo.inc
              BUCLE_milis   0x000078    program     static F:\Electronics\ASM\PIC16877A\USART.X\Retardo.inc
                    Bucle   0x0000da    program     static F:\Electronics\ASM\PIC16877A\USART.X\Retardo.inc
                   INICIO   0x000004    program     static F:\Electronics\ASM\PIC16877A\USART.X\IO_USART.asm
            Retardo_100us   0x0000b6    program     static F:\Electronics\ASM\PIC16877A\USART.X\Retardo.inc
             Retardo_10us   0x0000ca    program     static F:\Electronics\ASM\PIC16877A\USART.X\Retardo.inc
              Retardo_1ms   0x000088    program     static F:\Electronics\ASM\PIC16877A\USART.X\Retardo.inc
              Retardo_1us   0x0000e2    program     static F:\Electronics\ASM\PIC16877A\USART.X\Retardo.inc
            Retardo_200us   0x000094    program     static F:\Electronics\ASM\PIC16877A\USART.X\Retardo.inc
             Retardo_20ms   0x000066    program     static F:\Electronics\ASM\PIC16877A\USART.X\Retardo.inc
             Retardo_20us   0x0000c4    program     static F:\Electronics\ASM\PIC16877A\USART.X\Retardo.inc
            Retardo_300us   0x00009a    program     static F:\Electronics\ASM\PIC16877A\USART.X\Retardo.inc
            Retardo_500us   0x0000a0    program     static F:\Electronics\ASM\PIC16877A\USART.X\Retardo.inc
             Retardo_50us   0x0000be    program     static F:\Electronics\ASM\PIC16877A\USART.X\Retardo.inc
              Retardo_5ms   0x00006c    program     static F:\Electronics\ASM\PIC16877A\USART.X\Retardo.inc
              Retardo_5us   0x0000d2    program     static F:\Electronics\ASM\PIC16877A\USART.X\Retardo.inc
           Retardo_Micros   0x0000a4    program     static F:\Electronics\ASM\PIC16877A\USART.X\Retardo.inc
            Retardo_Milis   0x000074    program     static F:\Electronics\ASM\PIC16877A\USART.X\Retardo.inc
           Retardo_micros   0x0000d8    program     static F:\Electronics\ASM\PIC16877A\USART.X\Retardo.inc
                 Retardos   0x0000a2    program     static F:\Electronics\ASM\PIC16877A\USART.X\Retardo.inc
              Retardos_ms   0x000072    program     static F:\Electronics\ASM\PIC16877A\USART.X\Retardo.inc
                    START   0x000024    program     static F:\Electronics\ASM\PIC16877A\USART.X\IO_USART.asm



                              Symbols - Sorted by Address
                     Name    Address   Location    Storage File                     
                ---------  ---------  ---------  --------- ---------                
                   INICIO   0x000004    program     static F:\Electronics\ASM\PIC16877A\USART.X\IO_USART.asm
                    START   0x000024    program     static F:\Electronics\ASM\PIC16877A\USART.X\IO_USART.asm
             Retardo_20ms   0x000066    program     static F:\Electronics\ASM\PIC16877A\USART.X\Retardo.inc
              Retardo_5ms   0x00006c    program     static F:\Electronics\ASM\PIC16877A\USART.X\Retardo.inc
              Retardos_ms   0x000072    program     static F:\Electronics\ASM\PIC16877A\USART.X\Retardo.inc
            Retardo_Milis   0x000074    program     static F:\Electronics\ASM\PIC16877A\USART.X\Retardo.inc
              BUCLE_milis   0x000078    program     static F:\Electronics\ASM\PIC16877A\USART.X\Retardo.inc
              Retardo_1ms   0x000088    program     static F:\Electronics\ASM\PIC16877A\USART.X\Retardo.inc
            Retardo_200us   0x000094    program     static F:\Electronics\ASM\PIC16877A\USART.X\Retardo.inc
            Retardo_300us   0x00009a    program     static F:\Electronics\ASM\PIC16877A\USART.X\Retardo.inc
            Retardo_500us   0x0000a0    program     static F:\Electronics\ASM\PIC16877A\USART.X\Retardo.inc
                 Retardos   0x0000a2    program     static F:\Electronics\ASM\PIC16877A\USART.X\Retardo.inc
           Retardo_Micros   0x0000a4    program     static F:\Electronics\ASM\PIC16877A\USART.X\Retardo.inc
                    BUCLE   0x0000a8    program     static F:\Electronics\ASM\PIC16877A\USART.X\Retardo.inc
            Retardo_100us   0x0000b6    program     static F:\Electronics\ASM\PIC16877A\USART.X\Retardo.inc
             Retardo_50us   0x0000be    program     static F:\Electronics\ASM\PIC16877A\USART.X\Retardo.inc
             Retardo_20us   0x0000c4    program     static F:\Electronics\ASM\PIC16877A\USART.X\Retardo.inc
             Retardo_10us   0x0000ca    program     static F:\Electronics\ASM\PIC16877A\USART.X\Retardo.inc
              Retardo_5us   0x0000d2    program     static F:\Electronics\ASM\PIC16877A\USART.X\Retardo.inc
           Retardo_micros   0x0000d8    program     static F:\Electronics\ASM\PIC16877A\USART.X\Retardo.inc
                    Bucle   0x0000da    program     static F:\Electronics\ASM\PIC16877A\USART.X\Retardo.inc
              Retardo_1us   0x0000e2    program     static F:\Electronics\ASM\PIC16877A\USART.X\Retardo.inc


